MASTER_SEED	20260722
EFFECTIVE_SEED	20260722
START_SOURCE	deterministic_grid
START_PARAM	alpha0_1	0.041999999999999996
START_PARAM	alpha1_1	0.040000000000000001
START_PARAM	beta_1	0.90000000000000002
START_PARAM	nu_1	5
START_PARAM	alpha0_2	0.083999999999999991
START_PARAM	alpha1_2	0.17999999999999999
START_PARAM	beta_2	0.69999999999999996
START_PARAM	nu_2	5
START_PARAM	P_1_1	0.80000000000000004
START_PARAM	P_2_1	0.19999999999999996
OPTIM_METHOD	BFGS
OPTIM_DO_PLM	true
OPTIM_DO_SE	false
OPTIM_CONVERGENCE	0
OPTIM_MESSAGE	
OPTIM_OBJECTIVE	1289.1275140006728
OPTIM_COUNT	function	91
OPTIM_COUNT	gradient	25
OPTIM_START_RECEIVED	1	alpha0_1	-7.7748381394173718
OPTIM_START_RECEIVED	2	alpha1_1	-3.1779746585680599
OPTIM_START_RECEIVED	3	beta_1	2.1982250776698029
OPTIM_START_RECEIVED	4	nu_1	3.4891661546081125
OPTIM_START_RECEIVED	5	alpha0_2	-7.0812695036061211
OPTIM_START_RECEIVED	6	alpha1_2	-1.5162310862829096
OPTIM_START_RECEIVED	7	beta_2	0.84763124928844091
OPTIM_START_RECEIVED	8	P_1_1	1.3862943611198908
OPTIM_START_RECEIVED	9	P_2_1	-1.3862943611198908
OPTIM_START_USED	1	alpha0_1	-7.7748381394173718
OPTIM_START_USED	2	alpha1_1	-3.1779746585680599
OPTIM_START_USED	3	beta_1	2.1982250776698029
OPTIM_START_USED	4	nu_1	-3.4891661546081125
OPTIM_START_USED	5	alpha0_2	-7.0812695036061211
OPTIM_START_USED	6	alpha1_2	-1.5162310862829096
OPTIM_START_USED	7	beta_2	0.84763124928844091
OPTIM_START_USED	8	P_1_1	1.3862943611198908
OPTIM_START_USED	9	P_2_1	-1.3862943611198908
OPTIM_END	1	alpha0_1	-9.2568896065450179
OPTIM_END	2	alpha1_1	-5.2583085569649288
OPTIM_END	3	beta_1	5.2109897446563975
OPTIM_END	4	nu_1	-4.6793331644820428
OPTIM_END	5	alpha0_2	-7.5290738721056787
OPTIM_END	6	alpha1_2	-1.6586128778728844
OPTIM_END	7	beta_2	1.6544211109251523
OPTIM_END	8	P_1_1	1.3314950542876505
OPTIM_END	9	P_2_1	0.6901245351999622
HESSIAN_AVAILABLE	true
HESSIAN_DIM	9
HESSIAN	1	1	28.240181848104839
HESSIAN	1	2	393.58076264761621
HESSIAN	1	3	423.37195549180251
HESSIAN	1	4	23.38178475724817
HESSIAN	1	5	0.55979904800551594
HESSIAN	1	6	58.315197435376831
HESSIAN	1	7	59.998479372325164
HESSIAN	1	8	3.503162901097312
HESSIAN	1	9	1.4271126076437213
HESSIAN	2	1	393.58076264761621
HESSIAN	2	2	5524.3331386805039
HESSIAN	2	3	5936.7877452700668
HESSIAN	2	4	323.50971142136586
HESSIAN	2	5	7.8554957667620329
HESSIAN	2	6	851.79333964902071
HESSIAN	2	7	875.31532017237623
HESSIAN	2	8	47.74145730834789
HESSIAN	2	9	19.052786825568546
HESSIAN	3	1	423.37195549180251
HESSIAN	3	2	5936.7877452700668
HESSIAN	3	3	6383.3831434862986
HESSIAN	3	4	349.45499029959137
HESSIAN	3	5	8.42284183022457
HESSIAN	3	6	897.8630900742246
HESSIAN	3	7	923.159099016857
HESSIAN	3	8	51.861264637409477
HESSIAN	3	9	20.834843240891132
HESSIAN	4	1	23.38178475724817
HESSIAN	4	2	323.50971142136586
HESSIAN	4	3	349.45499029959137
HESSIAN	4	4	25.967565989049035
HESSIAN	4	5	0.87027888184820767
HESSIAN	4	6	88.147054952969484
HESSIAN	4	7	90.883901918914489
HESSIAN	4	8	3.7693588694764912
HESSIAN	4	9	1.8750137371625897
HESSIAN	5	1	0.55979904800551594
HESSIAN	5	2	7.8554957667620329
HESSIAN	5	3	8.42284183022457
HESSIAN	5	4	0.87027888184820767
HESSIAN	5	5	0.28370158133839141
HESSIAN	5	6	51.392636862601648
HESSIAN	5	7	51.870139088805445
HESSIAN	5	8	0.097472764082340291
HESSIAN	5	9	0.067091804112351383
HESSIAN	6	1	58.315197435376831
HESSIAN	6	2	851.79333964902071
HESSIAN	6	3	897.8630900742246
HESSIAN	6	4	88.147054952969484
HESSIAN	6	5	51.392636862601648
HESSIAN	6	6	12264.786937635108
HESSIAN	6	7	12339.402214081474
HESSIAN	6	8	-0.61199835954539594
HESSIAN	6	9	0.96186994369418244
HESSIAN	7	1	59.998479372325164
HESSIAN	7	2	875.31532017237623
HESSIAN	7	3	923.159099016857
HESSIAN	7	4	90.883901918914489
HESSIAN	7	5	51.870139088805445
HESSIAN	7	6	12339.402214081474
HESSIAN	7	7	12416.049421631214
HESSIAN	7	8	0.21798024363306467
HESSIAN	7	9	1.527421403579865
HESSIAN	8	1	3.503162901097312
HESSIAN	8	2	47.74145730834789
HESSIAN	8	3	51.861264637409477
HESSIAN	8	4	3.7693588694764912
HESSIAN	8	5	0.097472764082340291
HESSIAN	8	6	-0.61199835954539594
HESSIAN	8	7	0.21798024363306467
HESSIAN	8	8	1.4263517869039788
HESSIAN	8	9	0.61769554804413929
HESSIAN	9	1	1.4271126076437213
HESSIAN	9	2	19.052786825568546
HESSIAN	9	3	20.834843240891132
HESSIAN	9	4	1.8750137371625897
HESSIAN	9	5	0.067091804112351383
HESSIAN	9	6	0.96186994369418244
HESSIAN	9	7	1.527421403579865
HESSIAN	9	8	0.61769554804413929
HESSIAN	9	9	0.35672292142407969
HESSIAN_EIGEN	1	24924.752143233567
HESSIAN_EIGEN	2	11709.467027235452
HESSIAN_EIGEN	3	7.4552557429966821
HESSIAN_EIGEN	4	1.3677186337115959
HESSIAN_EIGEN	5	1.2007381608611229
HESSIAN_EIGEN	6	0.35999576780862969
HESSIAN_EIGEN	7	0.14487695636106729
HESSIAN_EIGEN	8	0.0485145205562722
HESSIAN_EIGEN	9	0.030895308616479423
STATUS	success
LOG_LIK	-1289.1275140006728
PARAM	alpha0_1	0.0095443646151570066
PARAM	alpha1_1	0.0051776343811212695
PARAM	beta_1	0.99447388130002101
PARAM	nu_1	3.0006586265984412
PARAM	alpha0_2	0.053694810758621626
PARAM	alpha1_2	0.1599331346982138
PARAM	beta_2	0.83940373253435052
PARAM	nu_2	3.0006586265984412
PARAM	P_1_1	0.79108782676517331
PARAM	P_2_1	0.66599462965452105
TRANS	1	1	0.79108782676517331
TRANS	1	2	0.20891217323482669
TRANS	2	1	0.66599462965452105
TRANS	2	2	0.33400537034547895
OCCUPANCY	1	0.76092025301772304
FILTERED_LAST	1	0.70390463598017428
UNC_VOL	1	5.233375425703696
OCCUPANCY	2	0.23907974698227694
FILTERED_LAST	2	0.29609536401982561
UNC_VOL	2	8.9984128304733257
STATE_ORDER	1	2
RISK	0.95	4.595348484747479	7.1133433235135524
RISK	0.99	8.6981755129921368	11.792571701759369

--- STDERR ---
