MASTER_SEED	20260722
EFFECTIVE_SEED	20260725
START_SOURCE	deterministic_grid
START_PARAM	alpha0_1	0.056000000000000008
START_PARAM	alpha1_1	0.02
START_PARAM	beta_1	0.93999999999999995
START_PARAM	nu_1	15
START_PARAM	alpha0_2	0.11200000000000002
START_PARAM	alpha1_2	0.23999999999999999
START_PARAM	beta_2	0.64000000000000001
START_PARAM	nu_2	15
START_PARAM	P_1_1	0.59999999999999998
START_PARAM	P_2_1	0.40000000000000002
OPTIM_METHOD	BFGS
OPTIM_DO_PLM	true
OPTIM_DO_SE	false
OPTIM_CONVERGENCE	0
OPTIM_MESSAGE	
OPTIM_OBJECTIVE	1288.9962907340487
OPTIM_COUNT	function	130
OPTIM_COUNT	gradient	53
OPTIM_START_RECEIVED	1	alpha0_1	-7.4870154030923963
OPTIM_START_RECEIVED	2	alpha1_1	-3.8917682533378235
OPTIM_START_RECEIVED	3	beta_1	2.7532033701426446
OPTIM_START_RECEIVED	4	nu_1	1.88542394512269
OPTIM_START_RECEIVED	5	alpha0_2	-6.7933068588639722
OPTIM_START_RECEIVED	6	alpha1_2	-1.1525520890090952
OPTIM_START_RECEIVED	7	beta_2	0.57564196126873246
OPTIM_START_RECEIVED	8	P_1_1	0.40546510810816422
OPTIM_START_RECEIVED	9	P_2_1	-0.40546510810816427
OPTIM_START_USED	1	alpha0_1	-7.4870154030923963
OPTIM_START_USED	2	alpha1_1	-3.8917682533378235
OPTIM_START_USED	3	beta_1	2.7532033701426446
OPTIM_START_USED	4	nu_1	-1.88542394512269
OPTIM_START_USED	5	alpha0_2	-6.7933068588639722
OPTIM_START_USED	6	alpha1_2	-1.1525520890090952
OPTIM_START_USED	7	beta_2	0.57564196126873246
OPTIM_START_USED	8	P_1_1	0.40546510810816422
OPTIM_START_USED	9	P_2_1	-0.40546510810816427
OPTIM_END	1	alpha0_1	-10.422768549505323
OPTIM_END	2	alpha1_1	-5.302131438716982
OPTIM_END	3	beta_1	5.3003495525708546
OPTIM_END	4	nu_1	-4.6701850175803692
OPTIM_END	5	alpha0_2	-7.4173728510949282
OPTIM_END	6	alpha1_2	-1.7728688570660047
OPTIM_END	7	beta_2	1.7670679394603519
OPTIM_END	8	P_1_1	1.2966932501798147
OPTIM_END	9	P_2_1	0.43068528000228218
HESSIAN_AVAILABLE	true
HESSIAN_DIM	9
HESSIAN	1	1	26.698396425217652
HESSIAN	1	2	1200.4292982510378
HESSIAN	1	3	1212.4376869451226
HESSIAN	1	4	22.353245839212832
HESSIAN	1	5	0.67274356752022868
HESSIAN	1	6	50.594275847970493
HESSIAN	1	7	52.38587974076836
HESSIAN	1	8	3.4539857551862951
HESSIAN	1	9	1.6392507689033664
HESSIAN	2	1	1200.4292982510378
HESSIAN	2	2	54488.489473612841
HESSIAN	2	3	55015.80511651127
HESSIAN	2	4	1001.7730097899857
HESSIAN	2	5	30.228602980741925
HESSIAN	2	6	2304.4389021436018
HESSIAN	2	7	2384.9092573584585
HESSIAN	2	8	154.51267415755865
HESSIAN	2	9	72.819015144887089
HESSIAN	3	1	1212.4376869451226
HESSIAN	3	2	55015.80511651127
HESSIAN	3	3	55551.5764762049
HESSIAN	3	4	1013.381740335717
HESSIAN	3	5	30.525462676678217
HESSIAN	3	6	2313.8185841276027
HESSIAN	3	7	2395.118951767472
HESSIAN	3	8	156.52965103640781
HESSIAN	3	9	73.943242540508436
HESSIAN	4	1	22.353245839212832
HESSIAN	4	2	1001.7730097899857
HESSIAN	4	3	1013.381740335717
HESSIAN	4	4	25.828685238593607
HESSIAN	4	5	1.0855815446575434
HESSIAN	4	6	78.782893012885324
HESSIAN	4	7	81.856968478177805
HESSIAN	4	8	3.7853172898394405
HESSIAN	4	9	2.2082979569404415
HESSIAN	5	1	0.67274356752022868
HESSIAN	5	2	30.228602980741925
HESSIAN	5	3	30.525462676678217
HESSIAN	5	4	1.0855815446575434
HESSIAN	5	5	0.36561505112331361
HESSIAN	5	6	47.252835088329448
HESSIAN	5	7	47.875585408974075
HESSIAN	5	8	0.12890907896689896
HESSIAN	5	9	0.096249124226233107
HESSIAN	6	1	50.594275847970493
HESSIAN	6	2	2304.4389021436018
HESSIAN	6	3	2313.8185841276027
HESSIAN	6	4	78.782893012885324
HESSIAN	6	5	47.252835088329448
HESSIAN	6	6	7598.9429846572421
HESSIAN	6	7	7665.1488917036659
HESSIAN	6	8	0.53384704301606689
HESSIAN	6	9	1.4655462052814983
HESSIAN	7	1	52.38587974076836
HESSIAN	7	2	2384.9092573584585
HESSIAN	7	3	2395.118951767472
HESSIAN	7	4	81.856968478177805
HESSIAN	7	5	47.875585408974075
HESSIAN	7	6	7665.1488917036659
HESSIAN	7	7	7733.6748169045677
HESSIAN	7	8	1.419218108367204
HESSIAN	7	9	2.2033481172911706
HESSIAN	8	1	3.4539857551862951
HESSIAN	8	2	154.51267415755865
HESSIAN	8	3	156.52965103640781
HESSIAN	8	4	3.7853172898394405
HESSIAN	8	5	0.12890907896689896
HESSIAN	8	6	0.53384704301606689
HESSIAN	8	7	1.419218108367204
HESSIAN	8	8	1.4826616734353593
HESSIAN	8	9	0.75131481480639195
HESSIAN	9	1	1.6392507689033664
HESSIAN	9	2	72.819015144887089
HESSIAN	9	3	73.943242540508436
HESSIAN	9	4	2.2082979569404415
HESSIAN	9	5	0.096249124226233107
HESSIAN	9	6	1.4655462052814983
HESSIAN	9	7	2.2033481172911706
HESSIAN	9	8	0.75131481480639195
HESSIAN	9	9	0.57907999462258886
HESSIAN_EIGEN	1	110316.57489435727
HESSIAN_EIGEN	2	15099.563500163971
HESSIAN_EIGEN	3	7.9746543018002978
HESSIAN_EIGEN	4	1.4403564531808863
HESSIAN_EIGEN	5	1.3479564545057237
HESSIAN_EIGEN	6	0.39912632369979112
HESSIAN_EIGEN	7	0.20124955978143647
HESSIAN_EIGEN	8	0.10080247071317254
HESSIAN_EIGEN	9	0.035649677634528747
STATUS	success
LOG_LIK	-1288.9962907340487
PARAM	alpha0_1	0.0029747523276090638
PARAM	alpha1_1	0.0049567783201449455
PARAM	beta_1	0.99493542209361763
PARAM	nu_1	3.0088589452571997
PARAM	alpha0_2	0.060036561418984037
PARAM	alpha1_2	0.14517225745567225
PARAM	beta_2	0.85400725236389463
PARAM	nu_2	3.0088589452571997
PARAM	P_1_1	0.78527793645836386
PARAM	P_2_1	0.60603729509063209
TRANS	1	1	0.78527793645836386
TRANS	1	2	0.21472206354163614
TRANS	2	1	0.60603729509063209
TRANS	2	2	0.39396270490936791
OCCUPANCY	1	0.73839368078624312
FILTERED_LAST	1	0.68523705499850318
UNC_VOL	1	5.2531144092799966
OCCUPANCY	2	0.26160631921375688
FILTERED_LAST	2	0.31476294500149676
UNC_VOL	2	8.5540387083097471
STATE_ORDER	1	2
RISK	0.95	4.5193702064466521	7.0914627871706273
RISK	0.99	8.5842080955408964	11.712805557909389

--- STDERR ---
