MASTER_SEED	20260722
EFFECTIVE_SEED	20260726
START_SOURCE	deterministic_grid
START_PARAM	alpha0_1	0.090999999999999998
START_PARAM	alpha1_1	0.10000000000000001
START_PARAM	beta_1	0.85999999999999999
START_PARAM	nu_1	8
START_PARAM	alpha0_2	0.182
START_PARAM	alpha1_2	0.12
START_PARAM	beta_2	0.80000000000000004
START_PARAM	nu_2	8
START_PARAM	P_1_1	0.84999999999999998
START_PARAM	P_2_1	0.15000000000000002
OPTIM_METHOD	BFGS
OPTIM_DO_PLM	true
OPTIM_DO_SE	false
OPTIM_CONVERGENCE	0
OPTIM_MESSAGE	
OPTIM_OBJECTIVE	1288.9860820368021
OPTIM_COUNT	function	174
OPTIM_COUNT	gradient	52
OPTIM_START_RECEIVED	1	alpha0_1	-7.0011566430537195
OPTIM_START_RECEIVED	2	alpha1_1	-2.1971234601018117
OPTIM_START_RECEIVED	3	beta_1	1.8160045075761178
OPTIM_START_RECEIVED	4	nu_1	2.7468362261373667
OPTIM_START_RECEIVED	5	alpha0_2	-6.3070976691318634
OPTIM_START_RECEIVED	6	alpha1_2	-1.9923248552375248
OPTIM_START_RECEIVED	7	beta_2	1.3867944861615733
OPTIM_START_RECEIVED	8	P_1_1	1.7346010553881064
OPTIM_START_RECEIVED	9	P_2_1	-1.7346010553881062
OPTIM_START_USED	1	alpha0_1	-7.0011566430537195
OPTIM_START_USED	2	alpha1_1	-2.1971234601018117
OPTIM_START_USED	3	beta_1	1.8160045075761178
OPTIM_START_USED	4	nu_1	-2.7468362261373667
OPTIM_START_USED	5	alpha0_2	-6.3070976691318634
OPTIM_START_USED	6	alpha1_2	-1.9923248552375248
OPTIM_START_USED	7	beta_2	1.3867944861615733
OPTIM_START_USED	8	P_1_1	1.7346010553881064
OPTIM_START_USED	9	P_2_1	-1.7346010553881062
OPTIM_END	1	alpha0_1	-10.607123787416937
OPTIM_END	2	alpha1_1	-5.2977204348342513
OPTIM_END	3	beta_1	5.2997452725067831
OPTIM_END	4	nu_1	-4.6769726175852755
OPTIM_END	5	alpha0_2	-7.2238741388776786
OPTIM_END	6	alpha1_2	-1.7240239235688135
OPTIM_END	7	beta_2	1.7173125337913269
OPTIM_END	8	P_1_1	1.2637341755848679
OPTIM_END	9	P_2_1	0.53978555659332284
HESSIAN_AVAILABLE	true
HESSIAN_DIM	9
HESSIAN	1	1	26.778908761571074
HESSIAN	1	2	1470.4029977679056
HESSIAN	1	3	1477.412425174407
HESSIAN	1	4	22.479952008325199
HESSIAN	1	5	0.72309958909499983
HESSIAN	1	6	43.907919803132245
HESSIAN	1	7	45.751108672220653
HESSIAN	1	8	3.4377055442291748
HESSIAN	1	9	1.5346298027907324
HESSIAN	2	1	1470.4029977679056
HESSIAN	2	2	81863.54795088846
HESSIAN	2	3	82220.603774828764
HESSIAN	2	4	1230.5700263937069
HESSIAN	2	5	39.620397018325093
HESSIAN	2	6	2434.7218835032436
HESSIAN	2	7	2535.7232327678503
HESSIAN	2	8	188.24704591224872
HESSIAN	2	9	83.627660387719516
HESSIAN	3	1	1477.412425174407
HESSIAN	3	2	82220.603774828764
HESSIAN	3	3	82582.817171157789
HESSIAN	3	4	1238.0983362447751
HESSIAN	3	5	39.822191439498056
HESSIAN	3	6	2434.8529304916156
HESSIAN	3	7	2536.384335371622
HESSIAN	3	8	189.60458999117691
HESSIAN	3	9	84.381660258259217
HESSIAN	4	1	22.479952008325199
HESSIAN	4	2	1230.5700263937069
HESSIAN	4	3	1238.0983362447751
HESSIAN	4	4	25.978297742312861
HESSIAN	4	5	1.1586505195282371
HESSIAN	4	6	67.534792748347172
HESSIAN	4	7	70.622965438360552
HESSIAN	4	8	3.7609299283758446
HESSIAN	4	9	2.0618954863493855
HESSIAN	5	1	0.72309958909499983
HESSIAN	5	2	39.620397018325093
HESSIAN	5	3	39.822191439498056
HESSIAN	5	4	1.1586505195282371
HESSIAN	5	5	0.36255227087167441
HESSIAN	5	6	38.886950903815887
HESSIAN	5	7	39.503087748471444
HESSIAN	5	8	0.14448556839852245
HESSIAN	5	9	0.10159652674701647
HESSIAN	6	1	43.907919803132245
HESSIAN	6	2	2434.7218835032436
HESSIAN	6	3	2434.8529304916156
HESSIAN	6	4	67.534792748347172
HESSIAN	6	5	38.886950903815887
HESSIAN	6	6	5355.9162170131458
HESSIAN	6	7	5408.8591587913015
HESSIAN	6	8	0.41838779907266144
HESSIAN	6	9	1.2389848222937871
HESSIAN	7	1	45.751108672220653
HESSIAN	7	2	2535.7232327678503
HESSIAN	7	3	2536.384335371622
HESSIAN	7	4	70.622965438360552
HESSIAN	7	5	39.503087748471444
HESSIAN	7	6	5408.8591587913015
HESSIAN	7	7	5464.0726498860204
HESSIAN	7	8	1.3228664670350554
HESSIAN	7	9	1.9159378155109152
HESSIAN	8	1	3.4377055442291748
HESSIAN	8	2	188.24704591224872
HESSIAN	8	3	189.60458999117691
HESSIAN	8	4	3.7609299283758446
HESSIAN	8	5	0.14448556839852245
HESSIAN	8	6	0.41838779907266144
HESSIAN	8	7	1.3228664670350554
HESSIAN	8	8	1.4616503563047445
HESSIAN	8	9	0.70351609338104026
HESSIAN	9	1	1.5346298027907324
HESSIAN	9	2	83.627660387719516
HESSIAN	9	3	84.381660258259217
HESSIAN	9	4	2.0618954863493855
HESSIAN	9	5	0.10159652674701647
HESSIAN	9	6	1.2389848222937871
HESSIAN	9	7	1.9159378155109152
HESSIAN	9	8	0.70351609338104026
HESSIAN	9	9	0.49766833853936987
HESSIAN_EIGEN	1	164650.82926008763
HESSIAN_EIGEN	2	10658.869943608217
HESSIAN_EIGEN	3	8.1107817719405837
HESSIAN_EIGEN	4	1.4839810872739458
HESSIAN_EIGEN	5	1.3718035328586133
HESSIAN_EIGEN	6	0.39093577086084486
HESSIAN_EIGEN	7	0.2505723811219544
HESSIAN_EIGEN	8	0.088110807922635634
HESSIAN_EIGEN	9	0.037677367120499877
STATUS	success
LOG_LIK	-1288.9860820368021
PARAM	alpha0_1	0.0024739532064600245
PARAM	alpha1_1	0.0049785774997214323
PARAM	beta_1	0.99493243610022453
PARAM	nu_1	3.0027675566932435
PARAM	alpha0_2	0.07284427844115407
PARAM	alpha1_2	0.15133929593344067
PARAM	beta_2	0.84769757153496839
PARAM	nu_2	3.0027675566932435
PARAM	P_1_1	0.77966825549104934
PARAM	P_2_1	0.63176253132437676
TRANS	1	1	0.77966825549104934
TRANS	1	2	0.22033174450895066
TRANS	2	1	0.63176253132437676
TRANS	2	2	0.36823746867562324
OCCUPANCY	1	0.74142783324973771
FILTERED_LAST	1	0.68748099399252893
UNC_VOL	1	5.2727104355656138
OCCUPANCY	2	0.25857216675026234
FILTERED_LAST	2	0.31251900600747096
UNC_VOL	2	8.696704161046199
STATE_ORDER	1	2
RISK	0.95	4.5193702064466521	7.055465094823739
RISK	0.99	8.5842080955408964	11.66241046792508

--- STDERR ---
