MASTER_SEED	20260722
EFFECTIVE_SEED	20260723
START_SOURCE	deterministic_grid
START_PARAM	alpha0_1	0.069999999999999993
START_PARAM	alpha1_1	0.080000000000000002
START_PARAM	beta_1	0.81999999999999995
START_PARAM	nu_1	7
START_PARAM	alpha0_2	0.13999999999999999
START_PARAM	alpha1_2	0.10000000000000001
START_PARAM	beta_2	0.83999999999999997
START_PARAM	nu_2	7
START_PARAM	P_1_1	0.69999999999999996
START_PARAM	P_2_1	0.30000000000000004
OPTIM_METHOD	BFGS
OPTIM_DO_PLM	true
OPTIM_DO_SE	false
OPTIM_CONVERGENCE	0
OPTIM_MESSAGE	
OPTIM_OBJECTIVE	1287.0933753948696
OPTIM_COUNT	function	140
OPTIM_COUNT	gradient	68
OPTIM_START_RECEIVED	1	alpha0_1	-7.2637314063789251
OPTIM_START_RECEIVED	2	alpha1_1	-2.4422508338873556
OPTIM_START_RECEIVED	3	beta_1	1.5169031993018109
OPTIM_START_RECEIVED	4	nu_1	2.9433642880366748
OPTIM_START_RECEIVED	5	alpha0_2	-6.5698827757312657
OPTIM_START_RECEIVED	6	alpha1_2	-2.1971234601018117
OPTIM_START_RECEIVED	7	beta_2	1.6588532719974505
OPTIM_START_RECEIVED	8	P_1_1	0.84729786038720345
OPTIM_START_RECEIVED	9	P_2_1	-0.84729786038720345
OPTIM_START_USED	1	alpha0_1	-7.2637314063789251
OPTIM_START_USED	2	alpha1_1	-2.4422508338873556
OPTIM_START_USED	3	beta_1	1.5169031993018109
OPTIM_START_USED	4	nu_1	-2.9433642880366748
OPTIM_START_USED	5	alpha0_2	-6.5698827757312657
OPTIM_START_USED	6	alpha1_2	-2.1971234601018117
OPTIM_START_USED	7	beta_2	1.6588532719974505
OPTIM_START_USED	8	P_1_1	0.84729786038720345
OPTIM_START_USED	9	P_2_1	-0.84729786038720345
OPTIM_END	1	alpha0_1	-7.6911899638028354
OPTIM_END	2	alpha1_1	-2.514892774495324
OPTIM_END	3	beta_1	2.5015028605828245
OPTIM_END	4	nu_1	-4.8899269522745943
OPTIM_END	5	alpha0_2	-9.910719840265017
OPTIM_END	6	alpha1_2	-5.3139263308527633
OPTIM_END	7	beta_2	5.3111791133218968
OPTIM_END	8	P_1_1	-4.3493438732999881
OPTIM_END	9	P_2_1	2.4360697661542527
HESSIAN_AVAILABLE	true
HESSIAN_DIM	9
HESSIAN	1	1	1.5585547430418956
HESSIAN	1	2	91.266594381522737
HESSIAN	1	3	93.7048048399447
HESSIAN	1	4	2.9473798406343121
HESSIAN	1	5	1.0979088926887925
HESSIAN	1	6	46.639187900154866
HESSIAN	1	7	47.20982786921013
HESSIAN	1	8	0.019382923710509203
HESSIAN	1	9	-0.22176132574713847
HESSIAN	2	1	91.266594381522737
HESSIAN	2	2	5910.1053623180633
HESSIAN	2	3	6040.4297170180143
HESSIAN	2	4	120.49512434941789
HESSIAN	2	5	46.741372386804869
HESSIAN	2	6	2009.6796380926207
HESSIAN	2	7	2024.1801883003063
HESSIAN	2	8	0.78851084595044085
HESSIAN	2	9	-8.6370973235716519
HESSIAN	3	1	93.7048048399447
HESSIAN	3	2	6040.4297170180143
HESSIAN	3	3	6176.856214608506
HESSIAN	3	4	126.33068743639342
HESSIAN	3	5	48.882161820529291
HESSIAN	3	6	2100.2637633671384
HESSIAN	3	7	2115.9743453154078
HESSIAN	3	8	0.84815115997116663
HESSIAN	3	9	-9.3210946658928151
HESSIAN	4	1	2.9473798406343121
HESSIAN	4	2	120.49512434941789
HESSIAN	4	3	126.33068743639342
HESSIAN	4	4	30.193682277968037
HESSIAN	4	5	21.064727178554676
HESSIAN	4	6	884.81653261851534
HESSIAN	4	7	900.27069376219515
HESSIAN	4	8	-0.15553840171378397
HESSIAN	4	9	-0.45804890191902814
HESSIAN	5	1	1.0979088926887925
HESSIAN	5	2	46.741372386804869
HESSIAN	5	3	48.882161820529291
HESSIAN	5	4	21.064727178554676
HESSIAN	5	5	23.296192750876799
HESSIAN	5	6	982.6174104432539
HESSIAN	5	7	998.03288739508389
HESSIAN	5	8	-0.28253327855054522
HESSIAN	5	9	0.3332162350488943
HESSIAN	6	1	46.639187900154866
HESSIAN	6	2	2009.6796380926207
HESSIAN	6	3	2100.2637633671384
HESSIAN	6	4	884.81653261851534
HESSIAN	6	5	982.6174104432539
HESSIAN	6	6	41953.852311223724
HESSIAN	6	7	42589.498066348591
HESSIAN	6	8	-11.749427642371302
HESSIAN	6	9	13.132812938465577
HESSIAN	7	1	47.20982786921013
HESSIAN	7	2	2024.1801883003063
HESSIAN	7	3	2115.9743453154078
HESSIAN	7	4	900.27069376219515
HESSIAN	7	5	998.03288739508389
HESSIAN	7	6	42589.498066348591
HESSIAN	7	7	43240.033989206946
HESSIAN	7	8	-11.997228966720286
HESSIAN	7	9	13.659642462471311
HESSIAN	8	1	0.019382923710509203
HESSIAN	8	2	0.78851084595044085
HESSIAN	8	3	0.84815115997116663
HESSIAN	8	4	-0.15553840171378397
HESSIAN	8	5	-0.28253327855054522
HESSIAN	8	6	-11.749427642371302
HESSIAN	8	7	-11.997228966720286
HESSIAN	8	8	0.050817277497117175
HESSIAN	8	9	-0.29105598287060275
HESSIAN	9	1	-0.22176132574713847
HESSIAN	9	2	-8.6370973235716519
HESSIAN	9	3	-9.3210946658928151
HESSIAN	9	4	-0.45804890191902814
HESSIAN	9	5	0.3332162350488943
HESSIAN	9	6	13.132812938465577
HESSIAN	9	7	13.659642462471311
HESSIAN	9	8	-0.29105598287060275
HESSIAN	9	9	1.6408010878876667
HESSIAN_EIGEN	1	85465.400200121323
HESSIAN_EIGEN	2	11855.585796217567
HESSIAN_EIGEN	3	11.059656292664133
HESSIAN_EIGEN	4	2.5125909597605234
HESSIAN_EIGEN	5	1.5773369707656739
HESSIAN_EIGEN	6	1.1686491648295951
HESSIAN_EIGEN	7	0.22380323326581306
HESSIAN_EIGEN	8	0.063153215179744732
HESSIAN_EIGEN	9	-0.0032606808629921159
STATUS	success
LOG_LIK	-1287.0933753948696
PARAM	alpha0_1	0.0049638226090298115
PARAM	alpha1_1	0.0048989534671009848
PARAM	beta_1	0.99498863356111222
PARAM	nu_1	2.8309032172838404
PARAM	alpha0_2	0.045662662928950874
PARAM	alpha1_2	0.074814156772964019
PARAM	beta_2	0.924154684246414
PARAM	nu_2	2.8309032172838404
PARAM	P_1_1	0.080463226768771712
PARAM	P_2_1	0.98724939383442234
TRANS	1	1	0.080463226768771712
TRANS	1	2	0.91953677323122829
TRANS	2	1	0.98724939383442234
TRANS	2	2	0.01275060616557766
OCCUPANCY	1	0.51840130168025
FILTERED_LAST	1	0.60716697355525895
UNC_VOL	1	6.6450753803431146
OCCUPANCY	2	0.48159869831975
FILTERED_LAST	2	0.39283302644474105
UNC_VOL	2	6.6545363722069855
STATE_ORDER	1	2
RISK	0.95	4.4813810672962369	7.0620764926008768
RISK	0.99	8.6221972346913098	11.811555057890741

--- STDERR ---
