MASTER_SEED	20260722
EFFECTIVE_SEED	20260724
START_SOURCE	deterministic_grid
START_PARAM	alpha0_1	0.126
START_PARAM	alpha1_1	0.14000000000000001
START_PARAM	beta_1	0.71999999999999997
START_PARAM	nu_1	10
START_PARAM	alpha0_2	0.252
START_PARAM	alpha1_2	0.059999999999999998
START_PARAM	beta_2	0.90000000000000002
START_PARAM	nu_2	10
START_PARAM	P_1_1	0.90000000000000002
START_PARAM	P_2_1	0.099999999999999978
OPTIM_METHOD	BFGS
OPTIM_DO_PLM	true
OPTIM_DO_SE	false
OPTIM_CONVERGENCE	0
OPTIM_MESSAGE	
OPTIM_OBJECTIVE	1289.0034149265223
OPTIM_COUNT	function	161
OPTIM_COUNT	gradient	69
OPTIM_START_RECEIVED	1	alpha0_1	-6.6753835572024363
OPTIM_START_RECEIVED	2	alpha1_1	-1.8151808236901996
OPTIM_START_RECEIVED	3	beta_1	0.94481881548869306
OPTIM_START_RECEIVED	4	nu_1	2.432946910857289
OPTIM_START_RECEIVED	5	alpha0_2	-5.9809735937398427
OPTIM_START_RECEIVED	6	alpha1_2	-2.7514455912097122
OPTIM_START_RECEIVED	7	beta_2	2.1982250776698029
OPTIM_START_RECEIVED	8	P_1_1	2.1972245773362196
OPTIM_START_RECEIVED	9	P_2_1	-2.1972245773362196
OPTIM_START_USED	1	alpha0_1	-6.6753835572024363
OPTIM_START_USED	2	alpha1_1	-1.8151808236901996
OPTIM_START_USED	3	beta_1	0.94481881548869306
OPTIM_START_USED	4	nu_1	-2.432946910857289
OPTIM_START_USED	5	alpha0_2	-5.9809735937398427
OPTIM_START_USED	6	alpha1_2	-2.7514455912097122
OPTIM_START_USED	7	beta_2	2.1982250776698029
OPTIM_START_USED	8	P_1_1	2.1972245773362196
OPTIM_START_USED	9	P_2_1	-2.1972245773362196
OPTIM_END	1	alpha0_1	-7.5739338137993455
OPTIM_END	2	alpha1_1	-1.7964430015103305
OPTIM_END	3	beta_1	1.7913959074925572
OPTIM_END	4	nu_1	-4.6741657820291636
OPTIM_END	5	alpha0_2	-10.306000359154092
OPTIM_END	6	alpha1_2	-5.3073054027434265
OPTIM_END	7	beta_2	5.3029004545781859
OPTIM_END	8	P_1_1	-0.42543406841410603
OPTIM_END	9	P_2_1	-1.2792158789094885
HESSIAN_AVAILABLE	true
HESSIAN_DIM	9
HESSIAN	1	1	0.36099794442634447
HESSIAN	1	2	55.124399978012661
HESSIAN	1	3	55.733860222062503
HESSIAN	1	4	1.0259615521590604
HESSIAN	1	5	0.63691859963910247
HESSIAN	1	6	25.413996837642117
HESSIAN	1	7	25.741348707697398
HESSIAN	1	8	-0.089254569957120111
HESSIAN	1	9	-0.11945985534111969
HESSIAN	2	1	55.124399978012661
HESSIAN	2	2	10268.063897854063
HESSIAN	2	3	10346.728081117362
HESSIAN	2	4	90.269831247269394
HESSIAN	2	5	57.872151927540472
HESSIAN	2	6	2342.5070380369561
HESSIAN	2	7	2358.3702742655532
HESSIAN	2	8	-1.8289761953838024
HESSIAN	2	9	-0.82495458286757639
HESSIAN	3	1	55.733860222062503
HESSIAN	3	2	10346.728081117362
HESSIAN	3	3	10427.727144985965
HESSIAN	3	4	93.319815249515159
HESSIAN	3	5	59.6442365861094
HESSIAN	3	6	2413.1251681751564
HESSIAN	3	7	2429.9654342598842
HESSIAN	3	8	-2.5786824267015618
HESSIAN	3	9	-1.7090247865780839
HESSIAN	4	1	1.0259615521590604
HESSIAN	4	2	90.269831247269394
HESSIAN	4	3	93.319815249515159
HESSIAN	4	4	25.878476492380287
HESSIAN	4	5	22.434146558225621
HESSIAN	4	6	891.18768067919518
HESSIAN	4	7	904.97257002652987
HESSIAN	4	8	-2.2553896883437119
HESSIAN	4	9	-3.8505681914102752
HESSIAN	5	1	0.63691859963910247
HESSIAN	5	2	57.872151927540472
HESSIAN	5	3	59.6442365861094
HESSIAN	5	4	22.434146558225621
HESSIAN	5	5	26.759601212233974
HESSIAN	5	6	1066.7334981633303
HESSIAN	5	7	1081.3639928244356
HESSIAN	5	8	-1.6825225941374811
HESSIAN	5	9	-3.5131442075453378
HESSIAN	6	1	25.413996837642117
HESSIAN	6	2	2342.5070380369561
HESSIAN	6	3	2413.1251681751564
HESSIAN	6	4	891.18768067919518
HESSIAN	6	5	1066.7334981633303
HESSIAN	6	6	42883.821185796478
HESSIAN	6	7	43458.029119818777
HESSIAN	6	8	-66.113856121319259
HESSIAN	6	9	-139.15443716427944
HESSIAN	7	1	25.741348707697398
HESSIAN	7	2	2358.3702742655532
HESSIAN	7	3	2429.9654342598842
HESSIAN	7	4	904.97257002652987
HESSIAN	7	5	1081.3639928244356
HESSIAN	7	6	43458.029119818777
HESSIAN	7	7	44043.234439754997
HESSIAN	7	8	-67.423497284835321
HESSIAN	7	9	-141.53868522726043
HESSIAN	8	1	-0.089254569957120111
HESSIAN	8	2	-1.8289761953838024
HESSIAN	8	3	-2.5786824267015618
HESSIAN	8	4	-2.2553896883437119
HESSIAN	8	5	-1.6825225941374811
HESSIAN	8	6	-66.113856121319259
HESSIAN	8	7	-67.423497284835321
HESSIAN	8	8	0.590581180404115
HESSIAN	8	9	0.76631121714854089
HESSIAN	9	1	-0.11945985534111969
HESSIAN	9	2	-0.82495458286757639
HESSIAN	9	3	-1.7090247865780839
HESSIAN	9	4	-3.8505681914102752
HESSIAN	9	5	-3.5131442075453378
HESSIAN	9	6	-139.15443716427944
HESSIAN	9	7	-141.53868522726043
HESSIAN	9	8	0.76631121714854089
HESSIAN	9	9	1.4994986941019306
HESSIAN_EIGEN	1	87313.295515269885
HESSIAN_EIGEN	2	20353.244211256017
HESSIAN_EIGEN	3	7.9099292859812964
HESSIAN_EIGEN	4	1.4383513844929676
HESSIAN_EIGEN	5	1.3331201787432567
HESSIAN_EIGEN	6	0.39774756943424155
HESSIAN_EIGEN	7	0.18451642119543005
HESSIAN_EIGEN	8	0.096735489762909493
HESSIAN_EIGEN	9	0.03569705959289568
STATUS	success
LOG_LIK	-1289.0034149265223
PARAM	alpha0_1	0.0033431771106884941
PARAM	alpha1_1	0.004931329624925782
PARAM	beta_1	0.99494800746745549
PARAM	nu_1	3.0052815721677697
PARAM	alpha0_2	0.05134050758035804
PARAM	alpha1_2	0.1422712370831454
PARAM	beta_2	0.85701262376536569
PARAM	nu_2	3.0052815721677697
PARAM	P_1_1	0.78231627210476506
PARAM	P_2_1	0.60478284070531507
TRANS	1	1	0.78231627210476506
TRANS	1	2	0.21768372789523494
TRANS	2	1	0.60478284070531507
TRANS	2	2	0.39521715929468493
OCCUPANCY	1	0.7353729394913181
FILTERED_LAST	1	0.6818974218320597
UNC_VOL	1	5.2637202421403257
OCCUPANCY	2	0.2646270605086819
FILTERED_LAST	2	0.31810257816794035
UNC_VOL	2	8.4670352988616848
STATE_ORDER	1	2
RISK	0.95	4.5193702064466521	7.1047127612522791
RISK	0.99	8.6221972346913098	11.639975570135791

--- STDERR ---
