MASTER_SEED	20260722
EFFECTIVE_SEED	20260725
START_SOURCE	deterministic_grid
START_PARAM	alpha0_1	0.056000000000000008
START_PARAM	alpha1_1	0.02
START_PARAM	beta_1	0.93999999999999995
START_PARAM	nu_1	15
START_PARAM	alpha0_2	0.11200000000000002
START_PARAM	alpha1_2	0.23999999999999999
START_PARAM	beta_2	0.64000000000000001
START_PARAM	nu_2	15
START_PARAM	P_1_1	0.59999999999999998
START_PARAM	P_2_1	0.40000000000000002
OPTIM_METHOD	BFGS
OPTIM_DO_PLM	true
OPTIM_DO_SE	false
OPTIM_CONVERGENCE	0
OPTIM_MESSAGE	
OPTIM_OBJECTIVE	1432.3756206088481
OPTIM_COUNT	function	95
OPTIM_COUNT	gradient	58
OPTIM_START_RECEIVED	1	alpha0_1	-7.4870154030923963
OPTIM_START_RECEIVED	2	alpha1_1	-3.8917682533378235
OPTIM_START_RECEIVED	3	beta_1	2.7532033701426446
OPTIM_START_RECEIVED	4	nu_1	1.88542394512269
OPTIM_START_RECEIVED	5	alpha0_2	-6.7933068588639722
OPTIM_START_RECEIVED	6	alpha1_2	-1.1525520890090952
OPTIM_START_RECEIVED	7	beta_2	0.57564196126873246
OPTIM_START_RECEIVED	8	P_1_1	0.40546510810816422
OPTIM_START_RECEIVED	9	P_2_1	-0.40546510810816427
OPTIM_START_USED	1	alpha0_1	-7.4870154030923963
OPTIM_START_USED	2	alpha1_1	-3.8917682533378235
OPTIM_START_USED	3	beta_1	2.7532033701426446
OPTIM_START_USED	4	nu_1	-1.88542394512269
OPTIM_START_USED	5	alpha0_2	-6.7933068588639722
OPTIM_START_USED	6	alpha1_2	-1.1525520890090952
OPTIM_START_USED	7	beta_2	0.57564196126873246
OPTIM_START_USED	8	P_1_1	0.40546510810816422
OPTIM_START_USED	9	P_2_1	-0.40546510810816427
OPTIM_END	1	alpha0_1	-10.558493820132787
OPTIM_END	2	alpha1_1	-11.896994454073976
OPTIM_END	3	beta_1	10.324624109978874
OPTIM_END	4	nu_1	-3.1306380180672417
OPTIM_END	5	alpha0_2	-5.0549704348791185
OPTIM_END	6	alpha1_2	-0.050936579164610328
OPTIM_END	7	beta_2	-0.088349789204505813
OPTIM_END	8	P_1_1	1.0893665920630946
OPTIM_END	9	P_2_1	0.41655201352556637
HESSIAN_AVAILABLE	true
HESSIAN_DIM	9
HESSIAN	1	1	86.691854505716037
HESSIAN	1	2	4.7075454290279595
HESSIAN	1	3	22.755842820743055
HESSIAN	1	4	12.999532629009991
HESSIAN	1	5	2.3480687048049731
HESSIAN	1	6	11.6310941109532
HESSIAN	1	7	15.850010953499805
HESSIAN	1	8	5.8541164378311805
HESSIAN	1	9	5.3770062606872671
HESSIAN	2	1	4.7075454290279595
HESSIAN	2	2	0.2568361310295586
HESSIAN	2	3	1.2355249054962769
HESSIAN	2	4	0.70698411036573816
HESSIAN	2	5	0.12765727319674625
HESSIAN	2	6	0.63227938085219648
HESSIAN	2	7	0.86179787217588455
HESSIAN	2	8	0.31857979365668143
HESSIAN	2	9	0.29256071343297663
HESSIAN	3	1	22.755842820743055
HESSIAN	3	2	1.2355249054962769
HESSIAN	3	3	5.975438398309052
HESSIAN	3	4	3.4122712122552912
HESSIAN	3	5	0.6163471084619232
HESSIAN	3	6	3.0530628691849415
HESSIAN	3	7	4.1604913008086442
HESSIAN	3	8	1.5366574928066257
HESSIAN	3	9	1.4114188786606974
HESSIAN	4	1	12.999532629009991
HESSIAN	4	2	0.70698411036573816
HESSIAN	4	3	3.4122712122552912
HESSIAN	4	4	6.7585752390186826
HESSIAN	4	5	0.94139073780752369
HESSIAN	4	6	2.689047192916405
HESSIAN	4	7	4.3876390520836139
HESSIAN	4	8	1.7155180955796823
HESSIAN	4	9	1.2047082975641388
HESSIAN	5	1	2.3480687048049731
HESSIAN	5	2	0.12765727319674625
HESSIAN	5	3	0.6163471084619232
HESSIAN	5	4	0.94139073780752369
HESSIAN	5	5	0.64418298961754772
HESSIAN	5	6	0.85542433225782588
HESSIAN	5	7	1.6647490781451779
HESSIAN	5	8	0.64291123180737486
HESSIAN	5	9	0.49289940307062352
HESSIAN	6	1	11.6310941109532
HESSIAN	6	2	0.63227938085219648
HESSIAN	6	3	3.0530628691849415
HESSIAN	6	4	2.689047192916405
HESSIAN	6	5	0.85542433225782588
HESSIAN	6	6	5.8463880350245745
HESSIAN	6	7	7.2091371521310066
HESSIAN	6	8	0.55483309324699803
HESSIAN	6	9	-0.001491969214839628
HESSIAN	7	1	15.850010953499805
HESSIAN	7	2	0.86179787217588455
HESSIAN	7	3	4.1604913008086442
HESSIAN	7	4	4.3876390520836139
HESSIAN	7	5	1.6647490781451779
HESSIAN	7	6	7.2091371521310066
HESSIAN	7	7	12.777977474343061
HESSIAN	7	8	1.9656150698210695
HESSIAN	7	9	0.94752806489850627
HESSIAN	8	1	5.8541164378311805
HESSIAN	8	2	0.31857979365668143
HESSIAN	8	3	1.5366574928066257
HESSIAN	8	4	1.7155180955796823
HESSIAN	8	5	0.64291123180737486
HESSIAN	8	6	0.55483309324699803
HESSIAN	8	7	1.9656150698210695
HESSIAN	8	8	3.0941418458496628
HESSIAN	8	9	1.5842814491406898
HESSIAN	9	1	5.3770062606872671
HESSIAN	9	2	0.29256071343297663
HESSIAN	9	3	1.4114188786606974
HESSIAN	9	4	1.2047082975641388
HESSIAN	9	5	0.49289940307062352
HESSIAN	9	6	-0.001491969214839628
HESSIAN	9	7	0.94752806489850627
HESSIAN	9	8	1.5842814491406898
HESSIAN	9	9	2.0989529616599611
HESSIAN_EIGEN	1	101.10350406762205
HESSIAN_EIGEN	2	12.763559356079508
HESSIAN_EIGEN	3	4.8890662184130749
HESSIAN_EIGEN	4	3.1999462505121796
HESSIAN_EIGEN	5	1.0509819254074757
HESSIAN_EIGEN	6	0.81773148001312079
HESSIAN_EIGEN	7	0.31626303808756229
HESSIAN_EIGEN	8	0.0021257949309377278
HESSIAN_EIGEN	9	0.0011694495022444426
STATUS	success
LOG_LIK	-1432.3756206088481
PARAM	alpha0_1	0.63371408464656687
PARAM	alpha1_1	0.48722039363077263
PARAM	beta_1	0.47787911610731715
PARAM	nu_1	6.1981928323306743
PARAM	alpha0_2	0.0025972265797057771
PARAM	alpha1_2	7.8101101036546852e-06
PARAM	beta_2	0.99986718933455632
PARAM	nu_2	6.1981928323306743
PARAM	P_1_1	0.39734211669531627
PARAM	P_2_1	0.25173757200162172
TRANS	1	1	0.39734211669531627
TRANS	1	2	0.60265788330468373
TRANS	2	1	0.25173757200162172
TRANS	2	2	0.74826242799837828
OCCUPANCY	1	0.29466355877858086
FILTERED_LAST	1	0.32466303144959346
UNC_VOL	1	4.2611901649309347
OCCUPANCY	2	0.70533644122141914
FILTERED_LAST	2	0.67533696855040648
UNC_VOL	2	4.5582584753440925
STATE_ORDER	1	2
RISK	0.95	6.5790319396376589	9.1329755730061066
RISK	0.99	10.762697133729588	13.481729055667248

--- STDERR ---
