MASTER_SEED	20260722
EFFECTIVE_SEED	20260724
START_SOURCE	deterministic_grid
START_PARAM	alpha0_1	0.126
START_PARAM	alpha1_1	0.14000000000000001
START_PARAM	beta_1	0.71999999999999997
START_PARAM	nu_1	10
START_PARAM	alpha0_2	0.252
START_PARAM	alpha1_2	0.059999999999999998
START_PARAM	beta_2	0.90000000000000002
START_PARAM	nu_2	10
START_PARAM	P_1_1	0.90000000000000002
START_PARAM	P_2_1	0.099999999999999978
OPTIM_METHOD	BFGS
OPTIM_DO_PLM	true
OPTIM_DO_SE	false
OPTIM_CONVERGENCE	0
OPTIM_MESSAGE	
OPTIM_OBJECTIVE	1432.1423048079112
OPTIM_COUNT	function	71
OPTIM_COUNT	gradient	43
OPTIM_START_RECEIVED	1	alpha0_1	-6.6753835572024363
OPTIM_START_RECEIVED	2	alpha1_1	-1.8151808236901996
OPTIM_START_RECEIVED	3	beta_1	0.94481881548869306
OPTIM_START_RECEIVED	4	nu_1	2.432946910857289
OPTIM_START_RECEIVED	5	alpha0_2	-5.9809735937398427
OPTIM_START_RECEIVED	6	alpha1_2	-2.7514455912097122
OPTIM_START_RECEIVED	7	beta_2	2.1982250776698029
OPTIM_START_RECEIVED	8	P_1_1	2.1972245773362196
OPTIM_START_RECEIVED	9	P_2_1	-2.1972245773362196
OPTIM_START_USED	1	alpha0_1	-6.6753835572024363
OPTIM_START_USED	2	alpha1_1	-1.8151808236901996
OPTIM_START_USED	3	beta_1	0.94481881548869306
OPTIM_START_USED	4	nu_1	-2.432946910857289
OPTIM_START_USED	5	alpha0_2	-5.9809735937398427
OPTIM_START_USED	6	alpha1_2	-2.7514455912097122
OPTIM_START_USED	7	beta_2	2.1982250776698029
OPTIM_START_USED	8	P_1_1	2.1972245773362196
OPTIM_START_USED	9	P_2_1	-2.1972245773362196
OPTIM_END	1	alpha0_1	-3.7686681753952689
OPTIM_END	2	alpha1_1	1.0454936022148009
OPTIM_END	3	beta_1	-5.2760003777364792
OPTIM_END	4	nu_1	-3.3461629579230543
OPTIM_END	5	alpha0_2	-2.3939492987109579
OPTIM_END	6	alpha1_2	-2.37764107792938
OPTIM_END	7	beta_2	0.11444356934401666
OPTIM_END	8	P_1_1	2.8137048028311851
OPTIM_END	9	P_2_1	-5.4648818117058902
HESSIAN_AVAILABLE	true
HESSIAN_DIM	9
HESSIAN	1	1	3.4241024309267232
HESSIAN	1	2	0.39715547472951584
HESSIAN	1	3	0.018271066437591799
HESSIAN	1	4	1.1951301530643832
HESSIAN	1	5	-0.95748345074753161
HESSIAN	1	6	0.0046813966037007049
HESSIAN	1	7	-0.73097334052363294
HESSIAN	1	8	-0.12471423360693734
HESSIAN	1	9	-0.5180341418054013
HESSIAN	2	1	0.39715547472951584
HESSIAN	2	2	0.13188468983571511
HESSIAN	2	3	0.0071300405579677317
HESSIAN	2	4	0.24721890667933621
HESSIAN	2	5	0.048405638608528534
HESSIAN	2	6	0.022578603875444969
HESSIAN	2	7	0.025749045562406536
HESSIAN	2	8	-0.040966028791444842
HESSIAN	2	9	-0.032123494975166977
HESSIAN	3	1	0.018271066437591799
HESSIAN	3	2	0.0071300405579677317
HESSIAN	3	3	0.0094986489784787409
HESSIAN	3	4	0.0095008658718143124
HESSIAN	3	5	-0.020236768705217401
HESSIAN	3	6	0.0082374640442139935
HESSIAN	3	7	-0.022704284674546216
HESSIAN	3	8	-0.00057332272263010964
HESSIAN	3	9	-0.019927654193452327
HESSIAN	4	1	1.1951301530643832
HESSIAN	4	2	0.24721890667933621
HESSIAN	4	3	0.0095008658718143124
HESSIAN	4	4	8.8812245166991488
HESSIAN	4	5	15.970481854310492
HESSIAN	4	6	2.7857182089974231
HESSIAN	4	7	10.899757171500823
HESSIAN	4	8	-0.028738497803715291
HESSIAN	4	9	-0.49414359182264889
HESSIAN	5	1	-0.95748345074753161
HESSIAN	5	2	0.048405638608528534
HESSIAN	5	3	-0.020236768705217401
HESSIAN	5	4	15.970481854310492
HESSIAN	5	5	85.902191528930416
HESSIAN	5	6	14.042250199963746
HESSIAN	5	7	58.831292562899762
HESSIAN	5	8	-0.04315450041758595
HESSIAN	5	9	-1.2932318327329995
HESSIAN	6	1	0.0046813966037007049
HESSIAN	6	2	0.022578603875444969
HESSIAN	6	3	0.0082374640442139935
HESSIAN	6	4	2.7857182089974231
HESSIAN	6	5	14.042250199963746
HESSIAN	6	6	4.4609815859075752
HESSIAN	6	7	10.427442305172008
HESSIAN	6	8	0.00023896973289083689
HESSIAN	6	9	-0.028089459647162585
HESSIAN	7	1	-0.73097334052363294
HESSIAN	7	2	0.025749045562406536
HESSIAN	7	3	-0.022704284674546216
HESSIAN	7	4	10.899757171500823
HESSIAN	7	5	58.831292562899762
HESSIAN	7	6	10.427442305172008
HESSIAN	7	7	41.444987289196433
HESSIAN	7	8	-0.023231280010804767
HESSIAN	7	9	-0.91451647676876746
HESSIAN	8	1	-0.12471423360693734
HESSIAN	8	2	-0.040966028791444842
HESSIAN	8	3	-0.00057332272263010964
HESSIAN	8	4	-0.028738497803715291
HESSIAN	8	5	-0.04315450041758595
HESSIAN	8	6	0.00023896973289083689
HESSIAN	8	7	-0.023231280010804767
HESSIAN	8	8	1.3094575024297228
HESSIAN	8	9	0.5439249548544467
HESSIAN	9	1	-0.5180341418054013
HESSIAN	9	2	-0.032123494975166977
HESSIAN	9	3	-0.019927654193452327
HESSIAN	9	4	-0.49414359182264889
HESSIAN	9	5	-1.2932318327329995
HESSIAN	9	6	-0.028089459647162585
HESSIAN	9	7	-0.91451647676876746
HESSIAN	9	8	0.5439249548544467
HESSIAN	9	9	1.0009534889832139
HESSIAN_EIGEN	1	132.14193835429404
HESSIAN_EIGEN	2	6.4765811139331815
HESSIAN_EIGEN	3	2.927706359727785
HESSIAN_EIGEN	4	2.2744110439401415
HESSIAN_EIGEN	5	1.594991042885108
HESSIAN_EIGEN	6	0.61819770288125431
HESSIAN_EIGEN	7	0.44381014932302842
HESSIAN_EIGEN	8	0.07968682689718716
HESSIAN_EIGEN	9	0.0079590880057637033
STATUS	success
LOG_LIK	-1432.1423048079112
PARAM	alpha0_1	2.2561992424420301
PARAM	alpha1_1	0.73983487786364044
PARAM	beta_1	0.0050863225442504016
PARAM	nu_1	5.4306596189719558
PARAM	alpha0_2	8.3635258845150755
PARAM	alpha1_2	0.084886069018652394
PARAM	beta_2	0.52852684801767069
PARAM	nu_2	5.4306596189719558
PARAM	P_1_1	0.94341192850086453
PARAM	P_2_1	0.0042149998643000982
TRANS	1	1	0.94341192850086453
TRANS	1	2	0.056588071499135473
TRANS	2	1	0.0042149998643000982
TRANS	2	2	0.99578500013569993
OCCUPANCY	1	0.067812930520107881
FILTERED_LAST	1	0.11494215284254998
UNC_VOL	1	2.9740724384472697
OCCUPANCY	2	0.93218706947989216
FILTERED_LAST	2	0.88505784715745006
UNC_VOL	2	4.6512644607612135
STATE_ORDER	1	2
RISK	0.95	6.6240175868859588	9.2528465835723885
RISK	0.99	10.94263972272279	13.717409241616727

--- STDERR ---
