MASTER_SEED	20260722
EFFECTIVE_SEED	20260726
START_SOURCE	deterministic_grid
START_PARAM	alpha0_1	0.090999999999999998
START_PARAM	alpha1_1	0.10000000000000001
START_PARAM	beta_1	0.85999999999999999
START_PARAM	nu_1	8
START_PARAM	alpha0_2	0.182
START_PARAM	alpha1_2	0.12
START_PARAM	beta_2	0.80000000000000004
START_PARAM	nu_2	8
START_PARAM	P_1_1	0.84999999999999998
START_PARAM	P_2_1	0.15000000000000002
OPTIM_METHOD	BFGS
OPTIM_DO_PLM	true
OPTIM_DO_SE	false
OPTIM_CONVERGENCE	0
OPTIM_MESSAGE	
OPTIM_OBJECTIVE	1432.3771200186134
OPTIM_COUNT	function	166
OPTIM_COUNT	gradient	81
OPTIM_START_RECEIVED	1	alpha0_1	-7.0011566430537195
OPTIM_START_RECEIVED	2	alpha1_1	-2.1971234601018117
OPTIM_START_RECEIVED	3	beta_1	1.8160045075761178
OPTIM_START_RECEIVED	4	nu_1	2.7468362261373667
OPTIM_START_RECEIVED	5	alpha0_2	-6.3070976691318634
OPTIM_START_RECEIVED	6	alpha1_2	-1.9923248552375248
OPTIM_START_RECEIVED	7	beta_2	1.3867944861615733
OPTIM_START_RECEIVED	8	P_1_1	1.7346010553881064
OPTIM_START_RECEIVED	9	P_2_1	-1.7346010553881062
OPTIM_START_USED	1	alpha0_1	-7.0011566430537195
OPTIM_START_USED	2	alpha1_1	-2.1971234601018117
OPTIM_START_USED	3	beta_1	1.8160045075761178
OPTIM_START_USED	4	nu_1	-2.7468362261373667
OPTIM_START_USED	5	alpha0_2	-6.3070976691318634
OPTIM_START_USED	6	alpha1_2	-1.9923248552375248
OPTIM_START_USED	7	beta_2	1.3867944861615733
OPTIM_START_USED	8	P_1_1	1.7346010553881064
OPTIM_START_USED	9	P_2_1	-1.7346010553881062
OPTIM_END	1	alpha0_1	-10.810948419022509
OPTIM_END	2	alpha1_1	-11.306385010467228
OPTIM_END	3	beta_1	11.468951580454014
OPTIM_END	4	nu_1	-3.1291011116290508
OPTIM_END	5	alpha0_2	-5.0660678876527303
OPTIM_END	6	alpha1_2	-0.051683376463304245
OPTIM_END	7	beta_2	-0.086802727888163872
OPTIM_END	8	P_1_1	1.0906726354730649
OPTIM_END	9	P_2_1	0.41614948744200253
HESSIAN_AVAILABLE	true
HESSIAN_DIM	9
HESSIAN	1	1	86.562100875653414
HESSIAN	1	2	10.92466990826324
HESSIAN	1	3	9.3096275008974771
HESSIAN	1	4	12.960675917383924
HESSIAN	1	5	2.31952819262915
HESSIAN	1	6	11.629758660092193
HESSIAN	1	7	15.83638152169442
HESSIAN	1	8	5.8440469388187921
HESSIAN	1	9	5.3662918162444839
HESSIAN	2	1	10.92466990826324
HESSIAN	2	2	1.3755238228441158
HESSIAN	2	3	1.1743008485609607
HESSIAN	2	4	1.6376658891203988
HESSIAN	2	5	0.29301082804522594
HESSIAN	2	6	1.4689816225654795
HESSIAN	2	7	2.0006436614039558
HESSIAN	2	8	0.73879985507119272
HESSIAN	2	9	0.67830259808943083
HESSIAN	3	1	9.3096275008974771
HESSIAN	3	2	1.1743008485609607
HESSIAN	3	3	1.0057010513264686
HESSIAN	3	4	1.3939074960944708
HESSIAN	3	5	0.24946305643425148
HESSIAN	3	6	1.250764853466535
HESSIAN	3	7	1.7031824484092795
HESSIAN	3	8	0.62852211613062536
HESSIAN	3	9	0.57713884871191112
HESSIAN	4	1	12.960675917383924
HESSIAN	4	2	1.6376658891203988
HESSIAN	4	3	1.3939074960944708
HESSIAN	4	4	6.7512572741179611
HESSIAN	4	5	0.93085031949158292
HESSIAN	4	6	2.6872720866322197
HESSIAN	4	7	4.3833650806845981
HESSIAN	4	8	1.7148786355392076
HESSIAN	4	9	1.2037060628244944
HESSIAN	5	1	2.31952819262915
HESSIAN	5	2	0.29301082804522594
HESSIAN	5	3	0.24946305643425148
HESSIAN	5	4	0.93085031949158292
HESSIAN	5	5	0.63434606545342831
HESSIAN	5	6	0.85250323422769725
HESSIAN	5	7	1.6563281519665907
HESSIAN	5	8	0.63896629853843478
HESSIAN	5	9	0.49125395662485971
HESSIAN	6	1	11.629758660092193
HESSIAN	6	2	1.4689816225654795
HESSIAN	6	3	1.250764853466535
HESSIAN	6	4	2.6872720866322197
HESSIAN	6	5	0.85250323422769725
HESSIAN	6	6	5.8748458400259551
HESSIAN	6	7	7.2384216878162988
HESSIAN	6	8	0.55798494713599212
HESSIAN	6	9	0.00088766682893037796
HESSIAN	7	1	15.83638152169442
HESSIAN	7	2	2.0006436614039558
HESSIAN	7	3	1.7031824484092795
HESSIAN	7	4	4.3833650806845981
HESSIAN	7	5	1.6563281519665907
HESSIAN	7	6	7.2384216878162988
HESSIAN	7	7	12.810520161110617
HESSIAN	7	8	1.9680518335007946
HESSIAN	7	9	0.95227466090364032
HESSIAN	8	1	5.8440469388187921
HESSIAN	8	2	0.73879985507119272
HESSIAN	8	3	0.62852211613062536
HESSIAN	8	4	1.7148786355392076
HESSIAN	8	5	0.63896629853843478
HESSIAN	8	6	0.55798494713599212
HESSIAN	8	7	1.9680518335007946
HESSIAN	8	8	3.0983010219642892
HESSIAN	8	9	1.5869132994339452
HESSIAN	9	1	5.3662918162444839
HESSIAN	9	2	0.67830259808943083
HESSIAN	9	3	0.57713884871191112
HESSIAN	9	4	1.2037060628244944
HESSIAN	9	5	0.49125395662485971
HESSIAN	9	6	0.00088766682893037796
HESSIAN	9	7	0.95227466090364032
HESSIAN	9	8	1.5869132994339452
HESSIAN	9	9	2.1054496528449818
HESSIAN_EIGEN	1	97.163761578832521
HESSIAN_EIGEN	2	12.768903162679317
HESSIAN_EIGEN	3	4.8928808477575334
HESSIAN_EIGEN	4	3.2040081446814201
HESSIAN_EIGEN	5	1.0547450051666503
HESSIAN_EIGEN	6	0.82164916890799056
HESSIAN_EIGEN	7	0.31085591502580129
HESSIAN_EIGEN	8	0.0044739974909514986
HESSIAN_EIGEN	9	-0.0032320552009666727
STATUS	success
LOG_LIK	-1432.3771200186134
PARAM	alpha0_1	0.62676418592180461
PARAM	alpha1_1	0.48703383598006333
PARAM	beta_1	0.47826510217776641
PARAM	nu_1	6.2042319591423922
PARAM	alpha0_2	0.0020177972134240714
PARAM	alpha1_2	1.3292781845586632e-05
PARAM	beta_2	0.9998895516034858
PARAM	nu_2	6.2042319591423922
PARAM	P_1_1	0.39743851012023101
PARAM	P_2_1	0.25149163791016982
TRANS	1	1	0.39743851012023101
TRANS	1	2	0.60256148987976899
TRANS	2	1	0.25149163791016982
TRANS	2	2	0.74850836208983018
OCCUPANCY	1	0.29448427770921942
FILTERED_LAST	1	0.32446295509594952
UNC_VOL	1	4.2499195012690079
OCCUPANCY	2	0.70551572229078052
FILTERED_LAST	2	0.67553704490405053
UNC_VOL	2	4.5572704989014232
STATE_ORDER	1	2
RISK	0.95	6.5790319396376589	9.129776122134146
RISK	0.99	10.762697133729588	13.468831189223083

--- STDERR ---
