MASTER_SEED	20260722
EFFECTIVE_SEED	20260722
START_SOURCE	deterministic_grid
START_PARAM	alpha0_1	0.041999999999999996
START_PARAM	alpha1_1	0.040000000000000001
START_PARAM	beta_1	0.90000000000000002
START_PARAM	nu_1	5
START_PARAM	alpha0_2	0.083999999999999991
START_PARAM	alpha1_2	0.17999999999999999
START_PARAM	beta_2	0.69999999999999996
START_PARAM	nu_2	5
START_PARAM	P_1_1	0.80000000000000004
START_PARAM	P_2_1	0.19999999999999996
OPTIM_METHOD	BFGS
OPTIM_DO_PLM	true
OPTIM_DO_SE	false
OPTIM_CONVERGENCE	0
OPTIM_MESSAGE	
OPTIM_OBJECTIVE	1432.3781510371625
OPTIM_COUNT	function	85
OPTIM_COUNT	gradient	42
OPTIM_START_RECEIVED	1	alpha0_1	-7.7748381394173718
OPTIM_START_RECEIVED	2	alpha1_1	-3.1779746585680599
OPTIM_START_RECEIVED	3	beta_1	2.1982250776698029
OPTIM_START_RECEIVED	4	nu_1	3.4891661546081125
OPTIM_START_RECEIVED	5	alpha0_2	-7.0812695036061211
OPTIM_START_RECEIVED	6	alpha1_2	-1.5162310862829096
OPTIM_START_RECEIVED	7	beta_2	0.84763124928844091
OPTIM_START_RECEIVED	8	P_1_1	1.3862943611198908
OPTIM_START_RECEIVED	9	P_2_1	-1.3862943611198908
OPTIM_START_USED	1	alpha0_1	-7.7748381394173718
OPTIM_START_USED	2	alpha1_1	-3.1779746585680599
OPTIM_START_USED	3	beta_1	2.1982250776698029
OPTIM_START_USED	4	nu_1	-3.4891661546081125
OPTIM_START_USED	5	alpha0_2	-7.0812695036061211
OPTIM_START_USED	6	alpha1_2	-1.5162310862829096
OPTIM_START_USED	7	beta_2	0.84763124928844091
OPTIM_START_USED	8	P_1_1	1.3862943611198908
OPTIM_START_USED	9	P_2_1	-1.3862943611198908
OPTIM_END	1	alpha0_1	-10.470040173516642
OPTIM_END	2	alpha1_1	-11.035340810037424
OPTIM_END	3	beta_1	9.8332350809094571
OPTIM_END	4	nu_1	-3.1296592945218369
OPTIM_END	5	alpha0_2	-5.0614800610625679
OPTIM_END	6	alpha1_2	-0.051172158268488317
OPTIM_END	7	beta_2	-0.088163205602822522
OPTIM_END	8	P_1_1	1.0901762742855072
OPTIM_END	9	P_2_1	0.41630335184514783
HESSIAN_AVAILABLE	true
HESSIAN_DIM	9
HESSIAN	1	1	86.406974503461242
HESSIAN	1	2	10.166614117679273
HESSIAN	1	3	33.946429425668612
HESSIAN	1	4	12.963710446456389
HESSIAN	1	5	2.3257652514985239
HESSIAN	1	6	11.60672238142979
HESSIAN	1	7	15.804586837475654
HESSIAN	1	8	5.8544441117192036
HESSIAN	1	9	5.3711052032667794
HESSIAN	2	1	10.166614117679273
HESSIAN	2	2	1.2005593248431978
HESSIAN	2	3	3.9941079990057915
HESSIAN	2	4	1.5278609453162062
HESSIAN	2	5	0.2740066520345863
HESSIAN	2	6	1.3672634793238103
HESSIAN	2	7	1.8621789763528795
HESSIAN	2	8	0.6904630254211952
HESSIAN	2	9	0.63332942090710276
HESSIAN	3	1	33.946429425668612
HESSIAN	3	2	3.9941079990057915
HESSIAN	3	3	13.336534038899117
HESSIAN	3	4	5.0930458996845118
HESSIAN	3	5	0.9137195036146295
HESSIAN	3	6	4.5599101099469408
HESSIAN	3	7	6.2091133656849706
HESSIAN	3	8	2.3000316105026286
HESSIAN	3	9	2.1101367906339874
HESSIAN	4	1	12.963710446456389
HESSIAN	4	2	1.5278609453162062
HESSIAN	4	3	5.0930458996845118
HESSIAN	4	4	6.7471030433807755
HESSIAN	4	5	0.93507799192593666
HESSIAN	4	6	2.687290134417708
HESSIAN	4	7	4.3829220999214158
HESSIAN	4	8	1.717870702577784
HESSIAN	4	9	1.2065130192695506
HESSIAN	5	1	2.3257652514985239
HESSIAN	5	2	0.2740066520345863
HESSIAN	5	3	0.9137195036146295
HESSIAN	5	4	0.93507799192593666
HESSIAN	5	5	0.63934095351214637
HESSIAN	5	6	0.85238809788279468
HESSIAN	5	7	1.6594962630733789
HESSIAN	5	8	0.64095976881617389
HESSIAN	5	9	0.49239096711062302
HESSIAN	6	1	11.60672238142979
HESSIAN	6	2	1.3672634793238103
HESSIAN	6	3	4.5599101099469408
HESSIAN	6	4	2.687290134417708
HESSIAN	6	5	0.85238809788279468
HESSIAN	6	6	5.8306129062657419
HESSIAN	6	7	7.1935226060304558
HESSIAN	6	8	0.55773551821403089
HESSIAN	6	9	0.00077073991633369587
HESSIAN	7	1	15.804586837475654
HESSIAN	7	2	1.8621789763528795
HESSIAN	7	3	6.2091133656849706
HESSIAN	7	4	4.3829220999214158
HESSIAN	7	5	1.6594962630733789
HESSIAN	7	6	7.1935226060304558
HESSIAN	7	7	12.766193492552702
HESSIAN	7	8	1.9696053641382605
HESSIAN	7	9	0.95143991529766936
HESSIAN	8	1	5.8544441117192036
HESSIAN	8	2	0.6904630254211952
HESSIAN	8	3	2.3000316105026286
HESSIAN	8	4	1.717870702577784
HESSIAN	8	5	0.64095976881617389
HESSIAN	8	6	0.55773551821403089
HESSIAN	8	7	1.9696053641382605
HESSIAN	8	8	3.0983414376350993
HESSIAN	8	9	1.5864261513343081
HESSIAN	9	1	5.3711052032667794
HESSIAN	9	2	0.63332942090710276
HESSIAN	9	3	2.1101367906339874
HESSIAN	9	4	1.2065130192695506
HESSIAN	9	5	0.49239096711062302
HESSIAN	9	6	0.00077073991633369587
HESSIAN	9	7	0.95143991529766936
HESSIAN	9	8	1.5864261513343081
HESSIAN	9	9	2.1027049115218688
HESSIAN_EIGEN	1	109.02656975668813
HESSIAN_EIGEN	2	12.825935343489231
HESSIAN_EIGEN	3	4.889477700409107
HESSIAN_EIGEN	4	3.1984248519045391
HESSIAN_EIGEN	5	1.0515399448031582
HESSIAN_EIGEN	6	0.81864792347287108
HESSIAN_EIGEN	7	0.31336831286360184
HESSIAN_EIGEN	8	0.004305767968631382
HESSIAN_EIGEN	9	9.5010472626575016e-05
STATUS	success
LOG_LIK	-1432.3781510371625
PARAM	alpha0_1	0.62962813061916834
PARAM	alpha1_1	0.48716154316072618
PARAM	beta_1	0.47792566663630565
PARAM	nu_1	6.2020376494074689
PARAM	alpha0_2	0.0028374114093597165
PARAM	alpha1_2	1.7119869172547361e-05
PARAM	beta_2	0.99984636929092374
PARAM	nu_2	6.2020376494074689
PARAM	P_1_1	0.39740166307897806
PARAM	P_2_1	0.25158508624894882
TRANS	1	1	0.39740166307897806
TRANS	1	2	0.60259833692102194
TRANS	2	1	0.25158508624894882
TRANS	2	2	0.74841491375105118
OCCUPANCY	1	0.2945617915602452
FILTERED_LAST	1	0.32462762563579928
UNC_VOL	1	4.2466824001014842
OCCUPANCY	2	0.7054382084397548
FILTERED_LAST	2	0.67537237436420072
UNC_VOL	2	4.5590839155099747
STATE_ORDER	1	2
RISK	0.95	6.5790319396376589	9.1370731603256683
RISK	0.99	10.762697133729588	13.488091796508721

--- STDERR ---
