STATUS	success
LOG_LIK	-1287.5376485921224
PARAM	alpha0_1	0.61106886379418879
PARAM	alpha1_1	0.081949547653061575
PARAM	beta_1	0.83231469843943873
PARAM	nu_1	3.1935880340944935
PARAM	alpha0_2	0.0030589401483745674
PARAM	alpha1_2	0.0052617078883909554
PARAM	beta_2	0.99465786558424829
PARAM	nu_2	3.1935880340944935
PARAM	P_1_1	0.013498480405855662
PARAM	P_2_1	0.88520896566823404
TRANS	1	1	0.013498480405855662
TRANS	1	2	0.98650151959414434
TRANS	2	1	0.88520896566823404
TRANS	2	2	0.11479103433176596
OCCUPANCY	1	0.47178760267720349
FILTERED_LAST	1	0.34310976956498918
UNC_VOL	1	2.6697100239004716
OCCUPANCY	2	0.52821239732279646
FILTERED_LAST	2	0.65689023043501082
UNC_VOL	2	6.1671687379914095
STATE_ORDER	1	2
RISK	0.95	4.2154570932433444	6.6378667686354627
RISK	0.99	8.0143710082846926	10.896744627137565

--- STDERR ---
