STATUS	success
LOG_LIK	-1432.3776564337857
PARAM	alpha0_1	0.62843169599163817
PARAM	alpha1_1	0.48637927766770839
PARAM	beta_1	0.47844873626495438
PARAM	nu_1	6.1988501456848226
PARAM	alpha0_2	0.0022905842888404642
PARAM	alpha1_2	1.5290788301573402e-05
PARAM	beta_2	0.99987453563668349
PARAM	nu_2	6.1988501456848226
PARAM	P_1_1	0.39771501484965432
PARAM	P_2_1	0.25149987271736773
TRANS	1	1	0.39771501484965432
TRANS	1	2	0.60228498515034568
TRANS	2	1	0.25149987271736773
TRANS	2	2	0.74850012728263227
OCCUPANCY	1	0.2946001087788287
FILTERED_LAST	1	0.32471282277563535
UNC_VOL	1	4.2269839073137723
OCCUPANCY	2	0.7053998912211713
FILTERED_LAST	2	0.67528717722436471
UNC_VOL	2	4.5596805560682059
STATE_ORDER	1	2
RISK	0.95	6.5790319396376589	9.1391473184510197
RISK	0.99	10.762697133729588	13.495830716208928

--- STDERR ---
