STATUS	success
LOG_LIK	-1432.374481239666
PARAM	alpha0_1	0.6379220425579365
PARAM	alpha1_1	0.48685834669084949
PARAM	beta_1	0.47781869052514231
PARAM	nu_1	6.2007107775715706
PARAM	alpha0_2	0.0022800942642479788
PARAM	alpha1_2	3.5453906281822911e-06
PARAM	beta_2	0.99988673561410635
PARAM	nu_2	6.2007107775715706
PARAM	P_1_1	0.398022712279268
PARAM	P_2_1	0.25165833038297497
TRANS	1	1	0.398022712279268
TRANS	1	2	0.601977287720732
TRANS	2	1	0.25165833038297497
TRANS	2	2	0.74834166961702508
OCCUPANCY	1	0.29483688816125009
FILTERED_LAST	1	0.32483985509713581
UNC_VOL	1	4.2496703475287205
OCCUPANCY	2	0.70516311183874991
FILTERED_LAST	2	0.67516014490286413
UNC_VOL	2	4.5586420273145833
STATE_ORDER	1	2
RISK	0.95	6.5790319396376589	9.1337425183538699
RISK	0.99	10.762697133729588	13.481627056270566

--- STDERR ---
