STATUS	success
LOG_LIK	-1432.3767266421105
PARAM	alpha0_1	0.63428395022711626
PARAM	alpha1_1	0.4862348323837955
PARAM	beta_1	0.47795648849528538
PARAM	nu_1	6.2004594796183046
PARAM	alpha0_2	0.0031257678540465698
PARAM	alpha1_2	1.1830208314337582e-05
PARAM	beta_2	0.99983784868410286
PARAM	nu_2	6.2004594796183046
PARAM	P_1_1	0.39774896934427106
PARAM	P_2_1	0.25192629847951153
TRANS	1	1	0.39774896934427106
TRANS	1	2	0.60225103065572894
TRANS	2	1	0.25192629847951153
TRANS	2	2	0.74807370152048847
OCCUPANCY	1	0.29495675439409369
FILTERED_LAST	1	0.32518848943977818
UNC_VOL	1	4.2086974848871188
OCCUPANCY	2	0.70504324560590625
FILTERED_LAST	2	0.67481151056022182
UNC_VOL	2	4.5600371071175454
STATE_ORDER	1	2
RISK	0.95	6.5790319396376589	9.1368965834459388
RISK	0.99	10.762697133729588	13.4919938039809

--- STDERR ---
