MASTER_SEED	20260722
EFFECTIVE_SEED	20260723
START_SOURCE	deterministic_grid
START_PARAM	alpha0_1	0.069999999999999993
START_PARAM	alpha1_1	0.080000000000000002
START_PARAM	beta_1	0.81999999999999995
START_PARAM	nu_1	7
START_PARAM	alpha0_2	0.13999999999999999
START_PARAM	alpha1_2	0.10000000000000001
START_PARAM	beta_2	0.83999999999999997
START_PARAM	nu_2	7
START_PARAM	P_1_1	0.69999999999999996
START_PARAM	P_2_1	0.30000000000000004
OPTIM_METHOD	BFGS
OPTIM_DO_PLM	true
OPTIM_DO_SE	false
OPTIM_CONVERGENCE	0
OPTIM_MESSAGE	
OPTIM_OBJECTIVE	1432.2870073474808
OPTIM_COUNT	function	129
OPTIM_COUNT	gradient	65
OPTIM_START_RECEIVED	1	alpha0_1	-7.2637314063789251
OPTIM_START_RECEIVED	2	alpha1_1	-2.4422508338873556
OPTIM_START_RECEIVED	3	beta_1	1.5169031993018109
OPTIM_START_RECEIVED	4	nu_1	2.9433642880366748
OPTIM_START_RECEIVED	5	alpha0_2	-6.5698827757312657
OPTIM_START_RECEIVED	6	alpha1_2	-2.1971234601018117
OPTIM_START_RECEIVED	7	beta_2	1.6588532719974505
OPTIM_START_RECEIVED	8	P_1_1	0.84729786038720345
OPTIM_START_RECEIVED	9	P_2_1	-0.84729786038720345
OPTIM_START_USED	1	alpha0_1	-7.2637314063789251
OPTIM_START_USED	2	alpha1_1	-2.4422508338873556
OPTIM_START_USED	3	beta_1	1.5169031993018109
OPTIM_START_USED	4	nu_1	-2.9433642880366748
OPTIM_START_USED	5	alpha0_2	-6.5698827757312657
OPTIM_START_USED	6	alpha1_2	-2.1971234601018117
OPTIM_START_USED	7	beta_2	1.6588532719974505
OPTIM_START_USED	8	P_1_1	0.84729786038720345
OPTIM_START_USED	9	P_2_1	-0.84729786038720345
OPTIM_END	1	alpha0_1	-2.7858947663354869
OPTIM_END	2	alpha1_1	-0.32428520462958915
OPTIM_END	3	beta_1	-1.7876902411170124
OPTIM_END	4	nu_1	-3.5524046699358274
OPTIM_END	5	alpha0_2	-3.3525390324269582
OPTIM_END	6	alpha1_2	-3.2093865526096921
OPTIM_END	7	beta_2	1.4521413745681011
OPTIM_END	8	P_1_1	4.8584430395909424
OPTIM_END	9	P_2_1	-6.0112236256770464
HESSIAN_AVAILABLE	true
HESSIAN_DIM	9
HESSIAN	1	1	7.818674816917337
HESSIAN	1	2	1.2385593208819046
HESSIAN	1	3	1.8216015007510578
HESSIAN	1	4	1.5549709075912688
HESSIAN	1	5	0.15641705886082491
HESSIAN	1	6	0.0019930439520976506
HESSIAN	1	7	0.080086209663932095
HESSIAN	1	8	-0.037666126218027784
HESSIAN	1	9	-0.24100918949443439
HESSIAN	2	1	1.2385593208819046
HESSIAN	2	2	1.2716363357867522
HESSIAN	2	3	0.39723755662635085
HESSIAN	2	4	0.8782893132774916
HESSIAN	2	5	0.25741675813151232
HESSIAN	2	6	0.048622297299516504
HESSIAN	2	7	0.24724798208808352
HESSIAN	2	8	-0.022727761006535729
HESSIAN	2	9	-0.0042103351916011889
HESSIAN	3	1	1.8216015007510578
HESSIAN	3	2	0.39723755662635085
HESSIAN	3	3	0.61592629663209664
HESSIAN	3	4	0.49003713797901582
HESSIAN	3	5	0.14649023682977713
HESSIAN	3	6	0.023849622721172636
HESSIAN	3	7	0.13050970437689102
HESSIAN	3	8	-0.012505722679634346
HESSIAN	3	9	-0.057125816965708509
HESSIAN	4	1	1.5549709075912688
HESSIAN	4	2	0.8782893132774916
HESSIAN	4	3	0.49003713797901582
HESSIAN	4	4	12.027802029024315
HESSIAN	4	5	20.370335050756694
HESSIAN	4	6	4.4337391500448575
HESSIAN	4	7	20.919569635680091
HESSIAN	4	8	0.062523156429961091
HESSIAN	4	9	-0.22832716695120325
HESSIAN	5	1	0.15641705886082491
HESSIAN	5	2	0.25741675813151232
HESSIAN	5	3	0.14649023682977713
HESSIAN	5	4	20.370335050756694
HESSIAN	5	5	79.932464245757728
HESSIAN	5	6	16.82387471646507
HESSIAN	5	7	81.948985211965919
HESSIAN	5	8	0.22608020344705437
HESSIAN	5	9	-0.587102590543509
HESSIAN	6	1	0.0019930439520976506
HESSIAN	6	2	0.048622297299516504
HESSIAN	6	3	0.023849622721172636
HESSIAN	6	4	4.4337391500448575
HESSIAN	6	5	16.82387471646507
HESSIAN	6	6	4.8405474331048026
HESSIAN	6	7	17.986173588724341
HESSIAN	6	8	0.022019719381205505
HESSIAN	6	9	-0.08831318609736627
HESSIAN	7	1	0.080086209663932095
HESSIAN	7	2	0.24724798208808352
HESSIAN	7	3	0.13050970437689102
HESSIAN	7	4	20.919569635680091
HESSIAN	7	5	81.948985211965919
HESSIAN	7	6	17.986173588724341
HESSIAN	7	7	84.900783974717342
HESSIAN	7	8	0.18544818658483564
HESSIAN	7	9	-0.58680990377979469
HESSIAN	8	1	-0.037666126218027784
HESSIAN	8	2	-0.022727761006535729
HESSIAN	8	3	-0.012505722679634346
HESSIAN	8	4	0.062523156429961091
HESSIAN	8	5	0.22608020344705437
HESSIAN	8	6	0.022019719381205505
HESSIAN	8	7	0.18544818658483564
HESSIAN	8	8	0.46418824695138028
HESSIAN	8	9	0.37601898839056958
HESSIAN	9	1	-0.24100918949443439
HESSIAN	9	2	-0.0042103351916011889
HESSIAN	9	3	-0.057125816965708509
HESSIAN	9	4	-0.22832716695120325
HESSIAN	9	5	-0.587102590543509
HESSIAN	9	6	-0.08831318609736627
HESSIAN	9	7	-0.58680990377979469
HESSIAN	9	8	0.37601898839056958
HESSIAN	9	9	0.91910186483801226
HESSIAN_EIGEN	1	173.52603746251214
HESSIAN_EIGEN	2	9.4908852313288641
HESSIAN_EIGEN	3	5.6804179807362241
HESSIAN_EIGEN	4	1.3455189304528683
HESSIAN_EIGEN	5	1.1272821194494027
HESSIAN_EIGEN	6	0.9931101549180833
HESSIAN_EIGEN	7	0.2503950645447921
HESSIAN_EIGEN	8	0.20723281107086708
HESSIAN_EIGEN	9	0.17024548871650802
STATUS	success
LOG_LIK	-1432.2870073474808
PARAM	alpha0_1	5.80911735221071
PARAM	alpha1_1	0.41959038430509066
PARAM	beta_1	0.14334180457519283
PARAM	nu_1	4.8272373160493851
PARAM	alpha0_2	3.381211957879664
PARAM	alpha1_2	0.038811093951328111
PARAM	beta_2	0.81024674208253156
PARAM	nu_2	4.8272373160493851
PARAM	P_1_1	0.99229723271034342
PARAM	P_2_1	0.0024450939931352695
TRANS	1	1	0.99229723271034342
TRANS	1	2	0.0077027672896565758
TRANS	2	1	0.0024450939931352695
TRANS	2	2	0.99755490600686469
OCCUPANCY	1	0.15667971126680788
FILTERED_LAST	1	0.89630426217517822
UNC_VOL	1	3.6456977770346124
OCCUPANCY	2	0.84332028873319209
FILTERED_LAST	2	0.10369573782482178
UNC_VOL	2	4.7329390545612231
STATE_ORDER	1	2
RISK	0.95	4.7796060497056487	6.8652596221565174
RISK	0.99	8.1535295933281695	10.755049977220722

--- STDERR ---
