STATUS	success
LOG_LIK	-1287.5300595798972
PARAM	alpha0_1	0.60557058085209692
PARAM	alpha1_1	0.081305851836464882
PARAM	beta_1	0.83247796116733574
PARAM	nu_1	3.1999838185039966
PARAM	alpha0_2	0.0029086700535490423
PARAM	alpha1_2	0.0052392829346928835
PARAM	beta_2	0.99468320504644026
PARAM	nu_2	3.1999838185039966
PARAM	P_1_1	0.0050400030485424629
PARAM	P_2_1	0.87565705709420782
TRANS	1	1	0.0050400030485424629
TRANS	1	2	0.99495999695145754
TRANS	2	1	0.87565705709420782
TRANS	2	2	0.12434294290579218
OCCUPANCY	1	0.46698733110102253
FILTERED_LAST	1	0.33818498475839687
UNC_VOL	1	2.6502569275881172
OCCUPANCY	2	0.53301266889897747
FILTERED_LAST	2	0.66181501524160313
UNC_VOL	2	6.1257984766479563
STATE_ORDER	1	2
RISK	0.95	4.2534462323937561	6.5693981381864921
RISK	0.99	8.0143710082846926	10.910603747315495

--- STDERR ---
