STATUS	success
LOG_LIK	-1286.3032697194064
PARAM	alpha0_1	0.30068877464087818
PARAM	alpha1_1	0.040839577186876613
PARAM	beta_1	0.83161485562749893
PARAM	nu_1	7.4773465220061972
PARAM	alpha0_2	12.865380836258137
PARAM	alpha1_2	0.99989958106835253
PARAM	beta_2	2.089468167137558e-07
PARAM	nu_2	7.4773465220061972
PARAM	P_1_1	0.12146599218404212
PARAM	P_2_1	0.8473315454112017
TRANS	1	1	0.12146599218404212
TRANS	1	2	0.87853400781595792
TRANS	2	1	0.8473315454112017
TRANS	2	2	0.1526684545887983
OCCUPANCY	1	0.49030616473469263
FILTERED_LAST	1	0.32528115836088622
UNC_VOL	1	1.5354155085967918
OCCUPANCY	2	0.50969383526530732
FILTERED_LAST	2	0.67471884163911378
UNC_VOL	2	358.30743918240029
STATE_ORDER	1	2
RISK	0.95	4.2154570932433444	6.2008784962376513
RISK	0.99	7.4065447818780772	9.3827301742877989

--- STDERR ---
