STATUS	success
LOG_LIK	-1286.3090763869204
PARAM	alpha0_1	0.30068859043362428
PARAM	alpha1_1	0.040868110645304441
PARAM	beta_1	0.8312790280683553
PARAM	nu_1	7.4688909682822047
PARAM	alpha0_2	12.881470941618181
PARAM	alpha1_2	0.98464773166495334
PARAM	beta_2	7.4191497147270282e-06
PARAM	nu_2	7.4688909682822047
PARAM	P_1_1	0.11931927814039445
PARAM	P_2_1	0.84559551029475399
TRANS	1	1	0.11931927814039445
TRANS	1	2	0.88068072185960555
TRANS	2	1	0.84559551029475399
TRANS	2	2	0.15440448970524601
OCCUPANCY	1	0.48915596123474658
FILTERED_LAST	1	0.32357146162303169
UNC_VOL	1	1.5335687447144593
OCCUPANCY	2	0.51084403876525342
FILTERED_LAST	2	0.67642853837696837
UNC_VOL	2	28.973530403039732
STATE_ORDER	1	2
RISK	0.95	4.2154570932433444	6.2073041328232801
RISK	0.99	7.4065447818780772	9.4035051012329678

--- STDERR ---
