STATUS	success
LOG_LIK	-1289.0430800664485
PARAM	alpha0_1	0.0050253720611507348
PARAM	alpha1_1	0.0050018106745566386
PARAM	beta_1	0.99481945787798753
PARAM	nu_1	2.9881617028551588
PARAM	alpha0_2	0.10413415054830646
PARAM	alpha1_2	0.15448998543915399
PARAM	beta_2	0.84430480660064755
PARAM	nu_2	2.9881617028551588
PARAM	P_1_1	0.75530415130348294
PARAM	P_2_1	0.68500675054946325
TRANS	1	1	0.75530415130348294
TRANS	1	2	0.24469584869651706
TRANS	2	1	0.68500675054946325
TRANS	2	2	0.31499324945053675
OCCUPANCY	1	0.73673107416374028
FILTERED_LAST	1	0.68245844696781743
UNC_VOL	1	5.3025359817265887
OCCUPANCY	2	0.26326892583625972
FILTERED_LAST	2	0.31754155303218257
UNC_VOL	2	9.2953467172397914
STATE_ORDER	1	2
RISK	0.95	4.5573593455970638	7.0523177024184465
RISK	0.99	8.6221972346913098	11.748132900504567

--- STDERR ---
