STATUS	success
LOG_LIK	-1432.3795418390791
PARAM	alpha0_1	0.65369965115092266
PARAM	alpha1_1	0.48668688303289698
PARAM	beta_1	0.47590818892018527
PARAM	nu_1	6.1901325663189191
PARAM	alpha0_2	0.0021428843230747309
PARAM	alpha1_2	2.0728967098568805e-05
PARAM	beta_2	0.99987637066941415
PARAM	nu_2	6.1901325663189191
PARAM	P_1_1	0.39825365840639293
PARAM	P_2_1	0.25245025191585047
TRANS	1	1	0.39825365840639293
TRANS	1	2	0.60174634159360707
TRANS	2	1	0.25245025191585047
TRANS	2	2	0.74754974808414953
OCCUPANCY	1	0.29556012355461792
FILTERED_LAST	1	0.3260611209547819
UNC_VOL	1	4.1804661841745601
OCCUPANCY	2	0.70443987644538208
FILTERED_LAST	2	0.67393887904521821
UNC_VOL	2	4.563424916975082
STATE_ORDER	1	2
RISK	0.95	6.5790319396376589	9.1424665197430937
RISK	0.99	10.762697133729588	13.520826749287489

--- STDERR ---
