STATUS	success
LOG_LIK	-1435.139651047929
PARAM	alpha0_1	6.6352972104170034
PARAM	alpha1_1	0.12338101231681275
PARAM	beta_1	0.56822731576457186
PARAM	nu_1	4.7173640925751119
PARAM	alpha0_2	0.66697967048283369
PARAM	alpha1_2	0.0052121918656477511
PARAM	beta_2	0.97162206676798191
PARAM	nu_2	4.7173640925751119
PARAM	P_1_1	0.99921963551981352
PARAM	P_2_1	0.99880036754572188
TRANS	1	1	0.99921963551981352
TRANS	1	2	0.00078036448018647953
TRANS	2	1	0.99880036754572188
TRANS	2	2	0.0011996324542781212
OCCUPANCY	1	0.99921726294735569
FILTERED_LAST	1	0.99932888655795904
UNC_VOL	1	4.6385139774606339
OCCUPANCY	2	0.00078273705264429163
FILTERED_LAST	2	0.00067111344204094246
UNC_VOL	2	5.3657841310289385
STATE_ORDER	1	2
RISK	0.95	6.534046292389359	9.2966663998821808
RISK	0.99	10.94263972272279	13.935791928327427

--- STDERR ---
